........................................................................ [ 16%]
......................+++++++++++++++++++++++++++++++++++ Timeout +++++++++++++++++++++++++++++++++++
~~~~~~~~~~~~~~~~~ Stack of Thread-121 (_readerthread) (42884) ~~~~~~~~~~~~~~~~~
  File "C:\Users\dandrsantos\AppData\Local\Programs\Python\Python312\Lib\threading.py", line 1032, in _bootstrap
    self._bootstrap_inner()
  File "C:\Users\dandrsantos\AppData\Local\Programs\Python\Python312\Lib\threading.py", line 1075, in _bootstrap_inner
    self.run()
  File "C:\Users\dandrsantos\AppData\Local\Programs\Python\Python312\Lib\threading.py", line 1012, in run
    self._target(*self._args, **self._kwargs)
  File "C:\Users\dandrsantos\AppData\Local\Programs\Python\Python312\Lib\subprocess.py", line 1599, in _readerthread
    buffer.append(fh.read())
~~~~~~~~~~~~~~~~~ Stack of Thread-120 (_readerthread) (43564) ~~~~~~~~~~~~~~~~~
  File "C:\Users\dandrsantos\AppData\Local\Programs\Python\Python312\Lib\threading.py", line 1032, in _bootstrap
    self._bootstrap_inner()
  File "C:\Users\dandrsantos\AppData\Local\Programs\Python\Python312\Lib\threading.py", line 1075, in _bootstrap_inner
    self.run()
  File "C:\Users\dandrsantos\AppData\Local\Programs\Python\Python312\Lib\threading.py", line 1012, in run
    self._target(*self._args, **self._kwargs)
  File "C:\Users\dandrsantos\AppData\Local\Programs\Python\Python312\Lib\subprocess.py", line 1599, in _readerthread
    buffer.append(fh.read())
~~~~~~~~~~~~~~~~~~~~~~~~~ Stack of MainThread (50748) ~~~~~~~~~~~~~~~~~~~~~~~~~
  File "<frozen runpy>", line 198, in _run_module_as_main
  File "<frozen runpy>", line 88, in _run_code
  File "C:\Users\dandrsantos\AppData\Local\Programs\Python\Python312\Scripts\pytest.exe\__main__.py", line 7, in <module>
    sys.exit(console_main())
  File "C:\Users\dandrsantos\AppData\Local\Programs\Python\Python312\Lib\site-packages\_pytest\config\__init__.py", line 201, in console_main
    code = main()
  File "C:\Users\dandrsantos\AppData\Local\Programs\Python\Python312\Lib\site-packages\_pytest\config\__init__.py", line 175, in main
    ret: ExitCode | int = config.hook.pytest_cmdline_main(config=config)
  File "C:\Users\dandrsantos\AppData\Local\Programs\Python\Python312\Lib\site-packages\pluggy\_hooks.py", line 512, in __call__
    return self._hookexec(self.name, self._hookimpls.copy(), kwargs, firstresult)
  File "C:\Users\dandrsantos\AppData\Local\Programs\Python\Python312\Lib\site-packages\pluggy\_manager.py", line 120, in _hookexec
    return self._inner_hookexec(hook_name, methods, kwargs, firstresult)
  File "C:\Users\dandrsantos\AppData\Local\Programs\Python\Python312\Lib\site-packages\pluggy\_callers.py", line 121, in _multicall
    res = hook_impl.function(*args)
  File "C:\Users\dandrsantos\AppData\Local\Programs\Python\Python312\Lib\site-packages\_pytest\main.py", line 336, in pytest_cmdline_main
    return wrap_session(config, _main)
  File "C:\Users\dandrsantos\AppData\Local\Programs\Python\Python312\Lib\site-packages\_pytest\main.py", line 289, in wrap_session
    session.exitstatus = doit(config, session) or 0
  File "C:\Users\dandrsantos\AppData\Local\Programs\Python\Python312\Lib\site-packages\_pytest\main.py", line 343, in _main
    config.hook.pytest_runtestloop(session=session)
  File "C:\Users\dandrsantos\AppData\Local\Programs\Python\Python312\Lib\site-packages\pluggy\_hooks.py", line 512, in __call__
    return self._hookexec(self.name, self._hookimpls.copy(), kwargs, firstresult)
  File "C:\Users\dandrsantos\AppData\Local\Programs\Python\Python312\Lib\site-packages\pluggy\_manager.py", line 120, in _hookexec
    return self._inner_hookexec(hook_name, methods, kwargs, firstresult)
  File "C:\Users\dandrsantos\AppData\Local\Programs\Python\Python312\Lib\site-packages\pluggy\_callers.py", line 121, in _multicall
    res = hook_impl.function(*args)
  File "C:\Users\dandrsantos\AppData\Local\Programs\Python\Python312\Lib\site-packages\_pytest\main.py", line 367, in pytest_runtestloop
    item.config.hook.pytest_runtest_protocol(item=item, nextitem=nextitem)
  File "C:\Users\dandrsantos\AppData\Local\Programs\Python\Python312\Lib\site-packages\pluggy\_hooks.py", line 512, in __call__
    return self._hookexec(self.name, self._hookimpls.copy(), kwargs, firstresult)
  File "C:\Users\dandrsantos\AppData\Local\Programs\Python\Python312\Lib\site-packages\pluggy\_manager.py", line 120, in _hookexec
    return self._inner_hookexec(hook_name, methods, kwargs, firstresult)
  File "C:\Users\dandrsantos\AppData\Local\Programs\Python\Python312\Lib\site-packages\pluggy\_callers.py", line 121, in _multicall
    res = hook_impl.function(*args)
  File "C:\Users\dandrsantos\AppData\Local\Programs\Python\Python312\Lib\site-packages\_pytest\runner.py", line 117, in pytest_runtest_protocol
    runtestprotocol(item, nextitem=nextitem)
  File "C:\Users\dandrsantos\AppData\Local\Programs\Python\Python312\Lib\site-packages\_pytest\runner.py", line 136, in runtestprotocol
    reports.append(call_and_report(item, "call", log))
  File "C:\Users\dandrsantos\AppData\Local\Programs\Python\Python312\Lib\site-packages\_pytest\runner.py", line 245, in call_and_report
    call = CallInfo.from_call(
  File "C:\Users\dandrsantos\AppData\Local\Programs\Python\Python312\Lib\site-packages\_pytest\runner.py", line 344, in from_call
    result: TResult | None = func()
  File "C:\Users\dandrsantos\AppData\Local\Programs\Python\Python312\Lib\site-packages\_pytest\runner.py", line 246, in <lambda>
    lambda: runtest_hook(item=item, **kwds), when=when, reraise=reraise
  File "C:\Users\dandrsantos\AppData\Local\Programs\Python\Python312\Lib\site-packages\pluggy\_hooks.py", line 512, in __call__
    return self._hookexec(self.name, self._hookimpls.copy(), kwargs, firstresult)
  File "C:\Users\dandrsantos\AppData\Local\Programs\Python\Python312\Lib\site-packages\pluggy\_manager.py", line 120, in _hookexec
    return self._inner_hookexec(hook_name, methods, kwargs, firstresult)
  File "C:\Users\dandrsantos\AppData\Local\Programs\Python\Python312\Lib\site-packages\pluggy\_callers.py", line 121, in _multicall
    res = hook_impl.function(*args)
  File "C:\Users\dandrsantos\AppData\Local\Programs\Python\Python312\Lib\site-packages\_pytest\runner.py", line 178, in pytest_runtest_call
    item.runtest()
  File "C:\Users\dandrsantos\AppData\Local\Programs\Python\Python312\Lib\site-packages\_pytest\python.py", line 1671, in runtest
    self.ihook.pytest_pyfunc_call(pyfuncitem=self)
  File "C:\Users\dandrsantos\AppData\Local\Programs\Python\Python312\Lib\site-packages\pluggy\_hooks.py", line 512, in __call__
    return self._hookexec(self.name, self._hookimpls.copy(), kwargs, firstresult)
  File "C:\Users\dandrsantos\AppData\Local\Programs\Python\Python312\Lib\site-packages\pluggy\_manager.py", line 120, in _hookexec
    return self._inner_hookexec(hook_name, methods, kwargs, firstresult)
  File "C:\Users\dandrsantos\AppData\Local\Programs\Python\Python312\Lib\site-packages\pluggy\_callers.py", line 121, in _multicall
    res = hook_impl.function(*args)
  File "C:\Users\dandrsantos\AppData\Local\Programs\Python\Python312\Lib\site-packages\_pytest\python.py", line 157, in pytest_pyfunc_call
    result = testfunction(**testargs)
  File "C:\Users\dandrsantos\Documents\Pessoal\contextweaver\tests\test_cli.py", line 226, in test_replay_preview
    result = _run("replay", "--session", str(ingested_path), "--phase", "answer")
  File "C:\Users\dandrsantos\Documents\Pessoal\contextweaver\tests\test_cli.py", line 16, in _run
    return subprocess.run(
  File "C:\Users\dandrsantos\AppData\Local\Programs\Python\Python312\Lib\subprocess.py", line 550, in run
    stdout, stderr = process.communicate(input, timeout=timeout)
  File "C:\Users\dandrsantos\AppData\Local\Programs\Python\Python312\Lib\subprocess.py", line 1209, in communicate
    stdout, stderr = self._communicate(input, endtime, timeout)
  File "C:\Users\dandrsantos\AppData\Local\Programs\Python\Python312\Lib\subprocess.py", line 1628, in _communicate
    self.stdout_thread.join(self._remaining_time(endtime))
  File "C:\Users\dandrsantos\AppData\Local\Programs\Python\Python312\Lib\threading.py", line 1149, in join
    self._wait_for_tstate_lock()
  File "C:\Users\dandrsantos\AppData\Local\Programs\Python\Python312\Lib\threading.py", line 1169, in _wait_for_tstate_lock
    if lock.acquire(block, timeout):
+++++++++++++++++++++++++++++++++++ Timeout +++++++++++++++++++++++++++++++++++
